// Jest Snapshot v1, https://goo.gl/fbAQLP

exports[`AddForm renders correctly 1`] = `
<form
  className="flex flex-col max-w-md space-y-4"
  onSubmit={[Function]}
>
  <div
    className="flex flex-col"
  >
    <label
      htmlFor="name"
    >
      Name
    </label>
    <input
      className="border"
      id="name"
      name="name"
      onBlur={[Function]}
      onChange={[Function]}
    />
  </div>
  <input
    className="border hover:cursor-pointer"
    type="submit"
    value="Add Manufacturer"
  />
</form>
`;
