// Jest Snapshot v1, https://goo.gl/fbAQLP

exports[`AddItemForm renders correctly 1`] = `
<form
  className="space-y-6 max-w-lg mx-auto"
  onSubmit={[Function]}
>
  <div
    className="form-group"
  >
    <label
      className="block text-gray-700 font-medium mb-2"
      htmlFor="productOptions"
    >
      Product
    </label>
    <div
      className="w-full css-b62m3t-container"
      onKeyDown={[Function]}
    >
      <span
        className="css-1f43avz-a11yText-A11yText"
        id="react-select-2-live-region"
      />
      <span
        aria-atomic="false"
        aria-live="polite"
        aria-relevant="additions text"
        className="css-1f43avz-a11yText-A11yText"
        role="log"
      />
      <div
        className=" css-13cymwt-control"
        onMouseDown={[Function]}
        onTouchEnd={[Function]}
      >
        <div
          className=" css-1fdsijx-ValueContainer"
        >
          <div
            className=" css-1jqq78o-placeholder"
            id="react-select-2-placeholder"
          >
            Select a product
          </div>
          <div
            className=" css-qbdosj-Input"
            data-value=""
          >
            <input
              aria-activedescendant=""
              aria-autocomplete="list"
              aria-describedby="react-select-2-placeholder"
              aria-expanded={false}
              aria-haspopup={true}
              autoCapitalize="none"
              autoComplete="off"
              autoCorrect="off"
              className=""
              disabled={false}
              id="productOptions"
              onBlur={[Function]}
              onChange={[Function]}
              onFocus={[Function]}
              role="combobox"
              spellCheck="false"
              style={
                {
                  "background": 0,
                  "border": 0,
                  "color": "inherit",
                  "font": "inherit",
                  "gridArea": "1 / 2",
                  "label": "input",
                  "margin": 0,
                  "minWidth": "2px",
                  "opacity": 1,
                  "outline": 0,
                  "padding": 0,
                  "width": "100%",
                }
              }
              tabIndex={0}
              type="text"
              value=""
            />
          </div>
        </div>
        <div
          className=" css-1hb7zxy-IndicatorsContainer"
        >
          <span
            className=" css-1u9des2-indicatorSeparator"
          />
          <div
            aria-hidden="true"
            className=" css-1xc3v61-indicatorContainer"
            onMouseDown={[Function]}
            onTouchEnd={[Function]}
          >
            <svg
              aria-hidden="true"
              className="css-tj5bde-Svg"
              focusable="false"
              height={20}
              viewBox="0 0 20 20"
              width={20}
            >
              <path
                d="M4.516 7.548c0.436-0.446 1.043-0.481 1.576 0l3.908 3.747 3.908-3.747c0.533-0.481 1.141-0.446 1.574 0 0.436 0.445 0.408 1.197 0 1.615-0.406 0.418-4.695 4.502-4.695 4.502-0.217 0.223-0.502 0.335-0.787 0.335s-0.57-0.112-0.789-0.335c0 0-4.287-4.084-4.695-4.502s-0.436-1.17 0-1.615z"
              />
            </svg>
          </div>
        </div>
      </div>
      <input
        name="product"
        type="hidden"
        value=""
      />
    </div>
  </div>
  <div
    className="form-group"
  >
    <label
      className="block text-gray-700 font-medium mb-2"
      htmlFor="distributorOptions"
    >
      Distributor
    </label>
    <div
      className="w-full css-b62m3t-container"
      onKeyDown={[Function]}
    >
      <span
        className="css-1f43avz-a11yText-A11yText"
        id="react-select-3-live-region"
      />
      <span
        aria-atomic="false"
        aria-live="polite"
        aria-relevant="additions text"
        className="css-1f43avz-a11yText-A11yText"
        role="log"
      />
      <div
        className=" css-13cymwt-control"
        onMouseDown={[Function]}
        onTouchEnd={[Function]}
      >
        <div
          className=" css-1fdsijx-ValueContainer"
        >
          <div
            className=" css-1jqq78o-placeholder"
            id="react-select-3-placeholder"
          >
            Select a distributor
          </div>
          <div
            className=" css-qbdosj-Input"
            data-value=""
          >
            <input
              aria-activedescendant=""
              aria-autocomplete="list"
              aria-describedby="react-select-3-placeholder"
              aria-expanded={false}
              aria-haspopup={true}
              autoCapitalize="none"
              autoComplete="off"
              autoCorrect="off"
              className=""
              disabled={false}
              id="distributorOptions"
              onBlur={[Function]}
              onChange={[Function]}
              onFocus={[Function]}
              role="combobox"
              spellCheck="false"
              style={
                {
                  "background": 0,
                  "border": 0,
                  "color": "inherit",
                  "font": "inherit",
                  "gridArea": "1 / 2",
                  "label": "input",
                  "margin": 0,
                  "minWidth": "2px",
                  "opacity": 1,
                  "outline": 0,
                  "padding": 0,
                  "width": "100%",
                }
              }
              tabIndex={0}
              type="text"
              value=""
            />
          </div>
        </div>
        <div
          className=" css-1hb7zxy-IndicatorsContainer"
        >
          <span
            className=" css-1u9des2-indicatorSeparator"
          />
          <div
            aria-hidden="true"
            className=" css-1xc3v61-indicatorContainer"
            onMouseDown={[Function]}
            onTouchEnd={[Function]}
          >
            <svg
              aria-hidden="true"
              className="css-tj5bde-Svg"
              focusable="false"
              height={20}
              viewBox="0 0 20 20"
              width={20}
            >
              <path
                d="M4.516 7.548c0.436-0.446 1.043-0.481 1.576 0l3.908 3.747 3.908-3.747c0.533-0.481 1.141-0.446 1.574 0 0.436 0.445 0.408 1.197 0 1.615-0.406 0.418-4.695 4.502-4.695 4.502-0.217 0.223-0.502 0.335-0.787 0.335s-0.57-0.112-0.789-0.335c0 0-4.287-4.084-4.695-4.502s-0.436-1.17 0-1.615z"
              />
            </svg>
          </div>
        </div>
      </div>
      <input
        name="distributor"
        type="hidden"
        value=""
      />
    </div>
  </div>
  <div
    className="form-group"
  >
    <label
      className="block text-gray-700 font-medium mb-2"
      htmlFor="price"
    >
      Price
    </label>
    <input
      className="w-full px-3 py-2 border border-gray-300 rounded-md focus:outline-none focus:border-blue-500"
      id="price"
      name="price"
      onBlur={[Function]}
      onChange={[Function]}
      step="0.01"
      type="number"
    />
  </div>
  <div
    className="form-group"
  >
    <label
      className="block text-gray-700 font-medium mb-2"
      htmlFor="purchaseDate"
    >
      Purchase Date
    </label>
    <input
      className="w-full px-3 py-2 border border-gray-300 rounded-md focus:outline-none focus:border-blue-500"
      id="purchaseDate"
      name="purchaseDate"
      onBlur={[Function]}
      onChange={[Function]}
      type="date"
    />
  </div>
  <div
    className="form-group"
  >
    <label
      className="block text-gray-700 font-medium mb-2"
      htmlFor="initialQuantity"
    >
      Initial Quantity
    </label>
    <input
      className="w-full px-3 py-2 border border-gray-300 rounded-md focus:outline-none focus:border-blue-500"
      id="initialQuantity"
      name="initialQuantity"
      onBlur={[Function]}
      onChange={[Function]}
      step="1"
      type="number"
    />
  </div>
  <div
    className="form-group"
  >
    <label
      className="block text-gray-700 font-medium mb-2"
      htmlFor="currentQuantity"
    >
      Current Quantity
    </label>
    <input
      className="w-full px-3 py-2 border border-gray-300 rounded-md focus:outline-none focus:border-blue-500"
      id="currentQuantity"
      name="currentQuantity"
      onBlur={[Function]}
      onChange={[Function]}
      step="1"
      type="number"
    />
  </div>
  <button
    className="w-full py-2 px-4 bg-blue-500 text-white font-medium rounded-md hover:bg-blue-700 focus:outline-none"
    type="submit"
  >
    Add Item
  </button>
</form>
`;
